MemTotal:        3036372 kB
MemFree:          205308 kB
MemAvailable:    1500172 kB
Buffers:           26180 kB
Cached:          1525868 kB
SwapCached:            0 kB
Active:          1106008 kB
Inactive:        1324772 kB
Active(anon):       2036 kB
Inactive(anon):   894660 kB
Active(file):    1103972 kB
Inactive(file):   430112 kB
Unevictable:        3832 kB
Mlocked:            3832 kB
SwapTotal:             0 kB
SwapFree:              0 kB
Dirty:             20668 kB
Writeback:             0 kB
AnonPages:        882796 kB
Mapped:           673388 kB
Shmem:             15068 kB
KReclaimable:      67868 kB
Slab:             184200 kB
SReclaimable:      67548 kB
SUnreclaim:       116652 kB
KernelStack:       27448 kB
ShadowCallStack:    6868 kB
PageTables:        60084 kB
NFS_Unstable:          0 kB
Bounce:                0 kB
WritebackTmp:          0 kB
CommitLimit:     1518184 kB
Committed_AS:   51137872 kB
VmallocTotal:   259653632 kB
VmallocUsed:       47928 kB
VmallocChunk:          0 kB
Percpu:             4208 kB
AnonHugePages:         0 kB
ShmemHugePages:        0 kB
ShmemPmdMapped:        0 kB
FileHugePages:         0 kB
FilePmdMapped:         0 kB
CmaTotal:         327680 kB
CmaFree:               0 kB
